// Jest Snapshot v1, https://goo.gl/fbAQLP

exports[`header component renders the Header component 1`] = `
<View>
  <Text>
    test Title
  </Text>
</View>
`;
